---
source: src/diagrams/state/mod.rs
assertion_line: 73
expression: out
---

                      start         finish
               ───────────────────────────────
        ╭────────────╮    ╭──────▼─────╮    ╭▼╮
  ●────>│    Idle    │    │  Running   │    │◎│
        ╰────────────╯    ╰────────────╯    ╰─╯
