---
source: src/diagrams/state/mod.rs
assertion_line: 160
expression: out
---

                           begin                     end
               ───────────────────────────────────────────────────
        ╭────────────╮    ╭────────────────▼───────────────╮    ╭▼╮
  ●────>│    Idle    │    │             Active             │    │◎│
        ╰────────────╯    ├────────────────────────────────┤    ╰─╯
                          │                                │
                          │ ╭────────────╮  ╭────────────╮ │
                          │ │    Sub1    │  │    Sub2    │ │
                          │ ╰────────────╯  ╰────────────╯ │
                          ╰────────────────────────────────╯
