---
source: src/diagrams/state/mod.rs
assertion_line: 228
expression: out
---

                            begin
               ───────────────────────────────
        ╭────────────╮    ╭──────────────────▼─────────────────╮
  ●────>│    Idle    │    │               Active               │
        ╰────────────╯    ├────────────────────────────────────┤
                          │                                    │
                          │ ╭────────────────────────────────╮ │
                          │ │           SubActive            │ │
                          │ ├────────────────────────────────┤ │
                          │ │                                │ │
                          │ │ ╭────────────╮  ╭────────────╮ │ │
                          │ │ │    Sub1    │  │    Sub2    │ │ │
                          │ │ ╰────────────╯  ╰────────────╯ │ │
                          │ ╰────────────────────────────────╯ │
                          ╰────────────────────────────────────╯
