---
source: src/diagrams/state/mod.rs
assertion_line: 222
expression: out
---

                                 very_long_label_two

               very_long_label_one                very_long_label_three
               ───────────────────────────────────────────────────────
        ╭────────────╮    ╭──────▼─────╮    ╭──────▼─────╮    ╭──────▼─────╮
  ●────>│     A      │    │     B      │    │     C      │    │     D      │
        ╰────────────╯    ╰────────────╯    ╰────────────╯    ╰────────────╯
