---
source: src/diagrams/table.rs
expression: out
---
+------------+--------------+------------------------------+
| Name       | Version      | Description                  |
+------------+--------------+------------------------------+
| figo       | 0.1.0        | ASCII art generator          |
| serde      | 1.0          | Serialization framework      |
+------------+--------------+------------------------------+
