---
source: src/diagrams/table.rs
expression: out
---
┌─────────────────┬─────────────┬────────────────┐
│ Item            │     Qty     │          Price │
┼─────────────────┼─────────────┼────────────────┼
│ Widget          │     10      │          $4.99 │
│ Gadget          │      2      │         $12.50 │
└─────────────────┴─────────────┴────────────────┘
