---
source: src/diagrams/table.rs
expression: out
---
╔═══════════════════╦══════════════════╗
║ Col A             ║ Col B            ║
╬═══════════════════╬══════════════════╬
║ alpha             ║ beta             ║
║ gamma             ║ delta            ║
╚═══════════════════╩══════════════════╝
